Vivado Simulator v2026.1
Copyright 1986-2022 Xilinx, Inc. All Rights Reserved.
Copyright 2022-2026 Advanced Micro Devices, Inc. All Rights Reserved.
Running: D:/vivado/2026.1/Vivado/bin/unwrapped/win64.o/xelab.exe tb_pipeline_debug -s tb_pipeline_debug_snapshot 
Multi-threading is on. Using 6 slave threads.
Starting static elaboration
Pass Through NonSizing Optimizer
Completed static elaboration
Starting simulation data flow analysis
Completed simulation data flow analysis
Time Resolution for simulation is 1ps
Compiling module work.pc
Compiling module work.alu
Compiling module work.control
Compiling module work.alu_decoder
Compiling module work.ctrl
Compiling module work.regfile
Compiling module work.immgen
Compiling module work.branch_unit
Compiling module work.if_id
Compiling module work.id_ex
Compiling module work.ex_mem
Compiling module work.mem_wb
Compiling module work.forwarding
Compiling module work.hazard_detection
Compiling module work.myCPU
Compiling module work.tb_pipeline_debug
Built simulation snapshot tb_pipeline_debug_snapshot
