#-----------------------------------------------------------
# xsim v2026.1 (64-bit)
# SW Build 6511674 on Tue Jun 16 11:02:23 MDT 2026
# IP Build 6504888 on Tue Jun 09 09:05:25 MDT 2026
# SharedData Build 6501428 on Mon Jun 08 17:34:18 MDT 2026
# Start of session at: Fri Aug 28 15:56:26 2026
# Process ID         : 11488
# Current directory  : D:/0_FPGA/10-pipeline-cpu/xsim_debug
# Command line       : xsim.exe -mode tcl -source {xsim.dir/tb_pipeline_debug_snapshot/xsim_script.tcl}
# Log file           : D:/0_FPGA/10-pipeline-cpu/xsim_debug/xsim.log
# Journal file       : D:/0_FPGA/10-pipeline-cpu/xsim_debug\xsim.jou
# Running On         : LAPTOP-5OVTUK4J
# Platform           : Windows 11
# Operating System   : 22631
# Processor Detail   : 11th Gen Intel(R) Core(TM) i5-1135G7 @ 2.40GHz
# CPU Frequency      : 2419 MHz
# CPU Physical cores : 4
# CPU Logical cores  : 8
# Host memory        : 16969 MB
# Swap memory        : 14589 MB
# Total Virtual      : 31558 MB
# Available Virtual  : 10100 MB
#-----------------------------------------------------------
source xsim.dir/tb_pipeline_debug_snapshot/xsim_script.tcl
run -all
