Vivado Simulator v2026.1
Copyright 1986-2022 Xilinx, Inc. All Rights Reserved.
Copyright 2022-2026 Advanced Micro Devices, Inc. All Rights Reserved.
Running: D:/vivado/2026.1/Vivado/bin/unwrapped/win64.o/xelab.exe student_top -s student_top_after_fix -timescale 1ns/1ps 
Multi-threading is on. Using 6 slave threads.
Starting static elaboration
Pass Through NonSizing Optimizer
Completed static elaboration
Starting simulation data flow analysis
Completed simulation data flow analysis
Time Resolution for simulation is 1ps
Compiling module work.pc
Compiling module work.alu
Compiling module work.control
Compiling module work.alu_decoder
Compiling module work.ctrl
Compiling module work.regfile
Compiling module work.immgen
Compiling module work.branch_unit
Compiling module work.if_id
Compiling module work.id_ex
Compiling module work.ex_mem
Compiling module work.mem_wb
Compiling module work.forwarding
Compiling module work.hazard_detection
Compiling module work.myCPU
Compiling module work.dist_mem_gen_v8_0_17(C_FAMILY="k...
Compiling module work.IROM
Compiling module work.seg7
Compiling module work.display_seg
Compiling module work.dist_mem_gen_v8_0_17(C_FAMILY="k...
Compiling module work.DRAM
Compiling module work.dram_driver
Compiling module work.counter
Compiling module work.perip_bridge
Compiling module work.student_top
Built simulation snapshot student_top_after_fix
