add: 430 cycles PASS
addi: 207 cycles PASS
and: 450 cycles PASS
andi: 163 cycles PASS
auipc: 23 cycles PASS
beq: 256 cycles PASS
bge: 274 cycles PASS
bgeu: 299 cycles PASS
blt: 256 cycles PASS
bltu: 281 cycles PASS
bne: 256 cycles PASS
fence_i: TIMEOUT
jal: 20 cycles PASS
jalr: 80 cycles PASS
lb: 194 cycles PASS
lbu: 194 cycles PASS
ld_st: 831 cycles PASS
lh: 210 cycles PASS
lhu: 219 cycles PASS
lui: 30 cycles PASS
lw: 224 cycles PASS
ma_data: 13 cycles Fail
or: 453 cycles PASS
ori: 170 cycles PASS
sb: 383 cycles PASS
sh: 436 cycles PASS
simple: 6 cycles PASS
sll: 458 cycles PASS
slli: 206 cycles PASS
slt: 424 cycles PASS
slti: 202 cycles PASS
sltiu: 202 cycles PASS
sltu: 424 cycles PASS
sra: 477 cycles PASS
srai: 221 cycles PASS
srl: 471 cycles PASS
srli: 215 cycles PASS
st_ld: 399 cycles PASS
sub: 422 cycles PASS
sw: 444 cycles PASS
xor: 452 cycles PASS
xori: 172 cycles PASS
=== PASS 40 / 42 ===
