# vsim -c -l trace_all.log -do "run -all; quit -f" tb_pipeline_trace_all 
# Start time: 11:07:35 on Aug 29,2026
# Loading sv_std.std
# Loading work.tb_pipeline_trace_all
# Loading work.myCPU
# Loading work.pc
# Loading work.alu
# Loading work.ctrl
# Loading work.control
# Loading work.alu_decoder
# Loading work.regfile
# Loading work.immgen
# Loading work.branch_unit
# Loading work.if_id
# Loading work.id_ex
# Loading work.ex_mem
# Loading work.mem_wb
# Loading work.forwarding
# Loading work.hazard_detection
# run -all
# TRACE t=45000 pc=80000000 ifid_pc=00000000 idex_pc=00000000 ifid_i=00000000 idex_v=0 exmem_v=0 mwb_v=0 stall=0 flush=0 br=0 j=00 rs1=0=00000000 rs2=0=00000000 a=00000000 b=00000000 alu=00000000 ra=00000000 count=00000000
# TRACE t=55000 pc=80000004 ifid_pc=80000000 idex_pc=00000000 ifid_i=00108117 idex_v=0 exmem_v=0 mwb_v=0 stall=0 flush=0 br=0 j=00 rs1=0=00000000 rs2=0=00000000 a=00000000 b=00000000 alu=00000000 ra=00000000 count=00000000
# TRACE t=65000 pc=80000008 ifid_pc=80000004 idex_pc=80000000 ifid_i=03010113 idex_v=1 exmem_v=0 mwb_v=0 stall=0 flush=0 br=0 j=00 rs1=1=00000000 rs2=1=00000000 a=80000000 b=00108000 alu=80108000 ra=00000000 count=00000000
# TRACE t=75000 pc=8000000c ifid_pc=80000008 idex_pc=80000004 ifid_i=5a0000ef idex_v=1 exmem_v=1 mwb_v=0 stall=0 flush=0 br=0 j=00 rs1=2=80108000 rs2=16=00000000 a=80108000 b=00000030 alu=80108030 ra=00000000 count=00000000
# TRACE t=85000 pc=80000010 ifid_pc=8000000c idex_pc=80000008 ifid_i=534000ef idex_v=1 exmem_v=1 mwb_v=1 stall=0 flush=1 br=0 j=01 rs1=0=00000000 rs2=0=00000000 a=00000000 b=00000000 alu=00000000 ra=00000000 count=00000000
# TRACE t=95000 pc=800005a8 ifid_pc=00000000 idex_pc=00000000 ifid_i=00000000 idex_v=0 exmem_v=1 mwb_v=1 stall=0 flush=0 br=0 j=00 rs1=0=00000000 rs2=0=00000000 a=00000000 b=00000000 alu=00000000 ra=00000000 count=00000000
# TRACE t=105000 pc=800005ac ifid_pc=800005a8 idex_pc=00000000 ifid_i=00100317 idex_v=0 exmem_v=0 mwb_v=1 stall=0 flush=0 br=0 j=00 rs1=0=00000000 rs2=0=00000000 a=00000000 b=00000000 alu=00000000 ra=00000000 count=00000000
# TRACE t=115000 pc=800005b0 ifid_pc=800005ac idex_pc=800005a8 ifid_i=a6030313 idex_v=1 exmem_v=0 mwb_v=0 stall=0 flush=0 br=0 j=00 rs1=0=00000000 rs2=1=00000000 a=800005a8 b=00100000 alu=801005a8 ra=8000000c count=00000000
# TRACE t=125000 pc=800005b4 ifid_pc=800005b0 idex_pc=800005ac ifid_i=00132c23 idex_v=1 exmem_v=1 mwb_v=0 stall=0 flush=0 br=0 j=00 rs1=6=801005a8 rs2=0=00000000 a=801005a8 b=fffffa60 alu=80100008 ra=8000000c count=00000000
# TRACE t=135000 pc=800005b8 ifid_pc=800005b4 idex_pc=800005b0 ifid_i=0a4000ef idex_v=1 exmem_v=1 mwb_v=1 stall=0 flush=0 br=0 j=00 rs1=6=80100008 rs2=1=8000000c a=80100008 b=00000018 alu=80100020 ra=8000000c count=00000000
# TRACE t=145000 pc=800005bc ifid_pc=800005b8 idex_pc=800005b4 ifid_i=184000ef idex_v=1 exmem_v=1 mwb_v=1 stall=0 flush=1 br=0 j=01 rs1=0=00000000 rs2=4=00000000 a=00000000 b=00000000 alu=00000000 ra=8000000c count=00000000
# TRACE t=155000 pc=80000658 ifid_pc=00000000 idex_pc=00000000 ifid_i=00000000 idex_v=0 exmem_v=1 mwb_v=1 stall=0 flush=0 br=0 j=00 rs1=0=00000000 rs2=0=00000000 a=00000000 b=00000000 alu=00000000 ra=8000000c count=00000000
# TRACE t=165000 pc=8000065c ifid_pc=80000658 idex_pc=00000000 ifid_i=800002b7 idex_v=0 exmem_v=0 mwb_v=1 stall=0 flush=0 br=0 j=00 rs1=0=00000000 rs2=0=00000000 a=00000000 b=00000000 alu=00000000 ra=8000000c count=00000000
# TRACE t=175000 pc=80000660 ifid_pc=8000065c idex_pc=80000658 ifid_i=fff28293 idex_v=1 exmem_v=0 mwb_v=0 stall=0 flush=0 br=0 j=00 rs1=0=00000000 rs2=0=00000000 a=00000000 b=80000000 alu=80000000 ra=800005b8 count=00000000
# TRACE t=185000 pc=80000664 ifid_pc=80000660 idex_pc=8000065c ifid_i=00100313 idex_v=1 exmem_v=1 mwb_v=0 stall=0 flush=0 br=0 j=00 rs1=5=80000000 rs2=31=00000000 a=80000000 b=ffffffff alu=7fffffff ra=800005b8 count=00000000
# TRACE t=195000 pc=80000668 ifid_pc=80000664 idex_pc=80000660 ifid_i=006283b3 idex_v=1 exmem_v=1 mwb_v=1 stall=0 flush=0 br=0 j=00 rs1=0=00000000 rs2=1=800005b8 a=00000000 b=00000001 alu=00000001 ra=800005b8 count=00000000
# TRACE t=205000 pc=8000066c ifid_pc=80000668 idex_pc=80000664 ifid_i=80000e37 idex_v=1 exmem_v=1 mwb_v=1 stall=0 flush=0 br=0 j=00 rs1=5=7fffffff rs2=6=00000001 a=7fffffff b=00000001 alu=80000000 ra=800005b8 count=00000000
# TRACE t=215000 pc=80000670 ifid_pc=8000066c idex_pc=80000668 ifid_i=07c39663 idex_v=1 exmem_v=1 mwb_v=1 stall=0 flush=0 br=0 j=00 rs1=0=00000000 rs2=0=00000000 a=00000000 b=80000000 alu=80000000 ra=800005b8 count=00000000
# TRACE t=225000 pc=80000674 ifid_pc=80000670 idex_pc=8000066c ifid_i=fff00293 idex_v=1 exmem_v=1 mwb_v=1 stall=0 flush=0 br=1 j=00 rs1=7=80000000 rs2=28=80000000 a=80000000 b=80000000 alu=00000000 ra=800005b8 count=00000000
# TRACE t=235000 pc=80000678 ifid_pc=80000674 idex_pc=80000670 ifid_i=00100313 idex_v=1 exmem_v=1 mwb_v=1 stall=0 flush=0 br=0 j=00 rs1=0=00000000 rs2=31=00000000 a=00000000 b=ffffffff alu=ffffffff ra=800005b8 count=00000000
# TRACE t=245000 pc=8000067c ifid_pc=80000678 idex_pc=80000674 ifid_i=006283b3 idex_v=1 exmem_v=1 mwb_v=1 stall=0 flush=0 br=0 j=00 rs1=0=00000000 rs2=1=800005b8 a=00000000 b=00000001 alu=00000001 ra=800005b8 count=00000000
# TRACE t=255000 pc=80000680 ifid_pc=8000067c idex_pc=80000678 ifid_i=04039e63 idex_v=1 exmem_v=1 mwb_v=1 stall=0 flush=0 br=0 j=00 rs1=5=ffffffff rs2=6=00000001 a=ffffffff b=00000001 alu=00000000 ra=800005b8 count=00000000
# TRACE t=265000 pc=80000684 ifid_pc=80000680 idex_pc=8000067c ifid_i=123452b7 idex_v=1 exmem_v=1 mwb_v=1 stall=0 flush=0 br=1 j=00 rs1=7=00000000 rs2=0=00000000 a=00000000 b=00000000 alu=00000000 ra=800005b8 count=00000000
# TRACE t=275000 pc=80000688 ifid_pc=80000684 idex_pc=80000680 ifid_i=67828293 idex_v=1 exmem_v=1 mwb_v=1 stall=0 flush=0 br=0 j=00 rs1=8=00000000 rs2=3=00000000 a=00000000 b=12345000 alu=12345000 ra=800005b8 count=00000000
# TRACE t=285000 pc=8000068c ifid_pc=80000688 idex_pc=80000684 ifid_i=87654337 idex_v=1 exmem_v=1 mwb_v=1 stall=0 flush=0 br=0 j=00 rs1=5=12345000 rs2=24=00000000 a=12345000 b=00000678 alu=12345678 ra=800005b8 count=00000000
# TRACE t=295000 pc=80000690 ifid_pc=8000068c idex_pc=80000688 ifid_i=32130313 idex_v=1 exmem_v=1 mwb_v=1 stall=0 flush=0 br=0 j=00 rs1=10=00000000 rs2=22=00000000 a=00000000 b=87654000 alu=87654000 ra=800005b8 count=00000000
# TRACE t=305000 pc=80000694 ifid_pc=80000690 idex_pc=8000068c ifid_i=006283b3 idex_v=1 exmem_v=1 mwb_v=1 stall=0 flush=0 br=0 j=00 rs1=6=87654000 rs2=1=800005b8 a=87654000 b=00000321 alu=87654321 ra=800005b8 count=00000000
# TRACE t=315000 pc=80000698 ifid_pc=80000694 idex_pc=80000690 ifid_i=9999ae37 idex_v=1 exmem_v=1 mwb_v=1 stall=0 flush=0 br=0 j=00 rs1=5=12345000 rs2=6=87654321 a=12345000 b=87654321 alu=99999321 ra=800005b8 count=00000000
# TRACE t=325000 pc=8000069c ifid_pc=80000698 idex_pc=80000694 ifid_i=999e0e13 idex_v=1 exmem_v=1 mwb_v=1 stall=0 flush=0 br=0 j=00 rs1=19=00000000 rs2=25=00000000 a=00000000 b=9999a000 alu=9999a000 ra=800005b8 count=00000000
# TRACE t=335000 pc=800006a0 ifid_pc=8000069c idex_pc=80000698 ifid_i=03c39e63 idex_v=1 exmem_v=1 mwb_v=1 stall=0 flush=0 br=0 j=00 rs1=28=9999a000 rs2=25=00000000 a=9999a000 b=fffff999 alu=99999999 ra=800005b8 count=00000000
# TRACE t=345000 pc=800006a4 ifid_pc=800006a0 idex_pc=8000069c ifid_i=9999ae37 idex_v=1 exmem_v=1 mwb_v=1 stall=0 flush=1 br=1 j=00 rs1=7=00000000 rs2=28=99999999 a=00000000 b=99999999 alu=66666667 ra=800005b8 count=00000000
# TRACE t=355000 pc=800006d8 ifid_pc=00000000 idex_pc=00000000 ifid_i=00000000 idex_v=0 exmem_v=1 mwb_v=1 stall=0 flush=0 br=0 j=00 rs1=0=00000000 rs2=0=00000000 a=00000000 b=00000000 alu=00000000 ra=800005b8 count=00000000
# TRACE t=365000 pc=800006dc ifid_pc=800006d8 idex_pc=00000000 ifid_i=00100297 idex_v=0 exmem_v=0 mwb_v=1 stall=0 flush=0 br=0 j=00 rs1=0=00000000 rs2=0=00000000 a=00000000 b=00000000 alu=00000000 ra=800005b8 count=00000000
# TRACE t=375000 pc=800006e0 ifid_pc=800006dc idex_pc=800006d8 ifid_i=92c28293 idex_v=1 exmem_v=0 mwb_v=0 stall=0 flush=0 br=0 j=00 rs1=0=00000000 rs2=1=800005b8 a=800006d8 b=00100000 alu=801006d8 ra=800005b8 count=00000000
# TRACE t=385000 pc=800006e4 ifid_pc=800006e0 idex_pc=800006dc ifid_i=0002a303 idex_v=1 exmem_v=1 mwb_v=0 stall=0 flush=0 br=0 j=00 rs1=5=801006d8 rs2=12=00000000 a=801006d8 b=fffff92c alu=80100004 ra=800005b8 count=00000000
# TRACE t=395000 pc=800006e8 ifid_pc=800006e4 idex_pc=800006e0 ifid_i=00130313 idex_v=1 exmem_v=1 mwb_v=1 stall=1 flush=0 br=0 j=00 rs1=5=80100004 rs2=0=00000000 a=80100004 b=00000000 alu=80100004 ra=800005b8 count=00000000
# TRACE t=405000 pc=800006e8 ifid_pc=800006e4 idex_pc=00000000 ifid_i=00130313 idex_v=0 exmem_v=1 mwb_v=1 stall=0 flush=0 br=0 j=00 rs1=0=00000000 rs2=0=00000000 a=00000000 b=00000000 alu=00000000 ra=800005b8 count=00000000
# TRACE t=415000 pc=800006ec ifid_pc=800006e8 idex_pc=800006e4 ifid_i=0062a023 idex_v=1 exmem_v=0 mwb_v=1 stall=0 flush=0 br=0 j=00 rs1=6=00000000 rs2=1=800005b8 a=00000000 b=00000001 alu=00000001 ra=800005b8 count=00000000
# TRACE t=425000 pc=800006f0 ifid_pc=800006ec idex_pc=800006e8 ifid_i=00008067 idex_v=1 exmem_v=1 mwb_v=0 stall=0 flush=0 br=0 j=00 rs1=5=80100004 rs2=6=00000001 a=80100004 b=00000000 alu=80100004 ra=800005b8 count=00000000
# TRACE t=435000 pc=800006f4 ifid_pc=800006f0 idex_pc=800006ec ifid_i=00000293 idex_v=1 exmem_v=1 mwb_v=1 stall=0 flush=1 br=0 j=10 rs1=1=800005b8 rs2=0=00000000 a=800005b8 b=00000000 alu=800005b8 ra=800005b8 count=00000000
# TRACE t=445000 pc=800005b8 ifid_pc=00000000 idex_pc=00000000 ifid_i=00000000 idex_v=0 exmem_v=1 mwb_v=1 stall=0 flush=0 br=0 j=00 rs1=0=00000000 rs2=0=00000000 a=00000000 b=00000000 alu=00000000 ra=800005b8 count=00000000
# TRACE t=455000 pc=800005bc ifid_pc=800005b8 idex_pc=00000000 ifid_i=184000ef idex_v=0 exmem_v=0 mwb_v=1 stall=0 flush=0 br=0 j=00 rs1=0=00000000 rs2=0=00000000 a=00000000 b=00000000 alu=00000000 ra=800005b8 count=00000000
# TRACE t=465000 pc=800005c0 ifid_pc=800005bc idex_pc=800005b8 ifid_i=34c000ef idex_v=1 exmem_v=0 mwb_v=0 stall=0 flush=1 br=0 j=01 rs1=0=00000000 rs2=4=00000000 a=00000000 b=00000000 alu=00000000 ra=800005b8 count=00000000
# TRACE t=475000 pc=8000073c ifid_pc=00000000 idex_pc=00000000 ifid_i=00000000 idex_v=0 exmem_v=1 mwb_v=0 stall=0 flush=0 br=0 j=00 rs1=0=00000000 rs2=0=00000000 a=00000000 b=00000000 alu=00000000 ra=800005b8 count=00000000
# TRACE t=485000 pc=80000740 ifid_pc=8000073c idex_pc=00000000 ifid_i=800002b7 idex_v=0 exmem_v=0 mwb_v=1 stall=0 flush=0 br=0 j=00 rs1=0=00000000 rs2=0=00000000 a=00000000 b=00000000 alu=00000000 ra=800005b8 count=00000000
# TRACE t=495000 pc=80000744 ifid_pc=80000740 idex_pc=8000073c ifid_i=fff28293 idex_v=1 exmem_v=0 mwb_v=0 stall=0 flush=0 br=0 j=00 rs1=0=00000000 rs2=0=00000000 a=00000000 b=80000000 alu=80000000 ra=800005bc count=00000000
# TRACE t=505000 pc=80000748 ifid_pc=80000744 idex_pc=80000740 ifid_i=80000337 idex_v=1 exmem_v=1 mwb_v=0 stall=0 flush=0 br=0 j=00 rs1=5=80000000 rs2=31=00000000 a=80000000 b=ffffffff alu=7fffffff ra=800005bc count=00000000
# TRACE t=515000 pc=8000074c ifid_pc=80000748 idex_pc=80000744 ifid_i=fff30313 idex_v=1 exmem_v=1 mwb_v=1 stall=0 flush=0 br=0 j=00 rs1=0=00000000 rs2=0=00000000 a=00000000 b=80000000 alu=80000000 ra=800005bc count=00000000
# TRACE t=525000 pc=80000750 ifid_pc=8000074c idex_pc=80000748 ifid_i=406283b3 idex_v=1 exmem_v=1 mwb_v=1 stall=0 flush=0 br=0 j=00 rs1=6=80000000 rs2=31=00000000 a=80000000 b=ffffffff alu=7fffffff ra=800005bc count=00000000
# TRACE t=535000 pc=80000754 ifid_pc=80000750 idex_pc=8000074c ifid_i=02039863 idex_v=1 exmem_v=1 mwb_v=1 stall=0 flush=0 br=0 j=00 rs1=5=80000000 rs2=6=7fffffff a=80000000 b=7fffffff alu=00000001 ra=800005bc count=00000000
# TRACE t=545000 pc=80000758 ifid_pc=80000754 idex_pc=80000750 ifid_i=00000293 idex_v=1 exmem_v=1 mwb_v=1 stall=0 flush=1 br=1 j=00 rs1=7=00000001 rs2=0=00000000 a=00000001 b=00000000 alu=00000001 ra=800005bc count=00000000
# TRACE t=555000 pc=80000780 ifid_pc=00000000 idex_pc=00000000 ifid_i=00000000 idex_v=0 exmem_v=1 mwb_v=1 stall=0 flush=0 br=0 j=00 rs1=0=00000000 rs2=0=00000000 a=00000000 b=00000000 alu=00000000 ra=800005bc count=00000000
# TRACE t=565000 pc=80000784 ifid_pc=80000780 idex_pc=00000000 ifid_i=00100297 idex_v=0 exmem_v=0 mwb_v=1 stall=0 flush=0 br=0 j=00 rs1=0=00000000 rs2=0=00000000 a=00000000 b=00000000 alu=00000000 ra=800005bc count=00000000
# TRACE t=575000 pc=80000788 ifid_pc=80000784 idex_pc=80000780 ifid_i=88428293 idex_v=1 exmem_v=0 mwb_v=0 stall=0 flush=0 br=0 j=00 rs1=0=00000000 rs2=1=800005bc a=80000780 b=00100000 alu=80100780 ra=800005bc count=00000000
# TRACE t=585000 pc=8000078c ifid_pc=80000788 idex_pc=80000784 ifid_i=0002a303 idex_v=1 exmem_v=1 mwb_v=0 stall=0 flush=0 br=0 j=00 rs1=5=80100780 rs2=4=00000000 a=80100780 b=fffff884 alu=80100004 ra=800005bc count=00000000
# TRACE t=595000 pc=80000790 ifid_pc=8000078c idex_pc=80000788 ifid_i=00130313 idex_v=1 exmem_v=1 mwb_v=1 stall=1 flush=0 br=0 j=00 rs1=5=80100004 rs2=0=00000000 a=80100004 b=00000000 alu=80100004 ra=800005bc count=00000000
# TRACE t=605000 pc=80000790 ifid_pc=8000078c idex_pc=00000000 ifid_i=00130313 idex_v=0 exmem_v=1 mwb_v=1 stall=0 flush=0 br=0 j=00 rs1=0=00000000 rs2=0=00000000 a=00000000 b=00000000 alu=00000000 ra=800005bc count=00000000
# TRACE t=615000 pc=80000794 ifid_pc=80000790 idex_pc=8000078c ifid_i=0062a023 idex_v=1 exmem_v=0 mwb_v=1 stall=0 flush=0 br=0 j=00 rs1=6=00000000 rs2=1=800005bc a=00000000 b=00000001 alu=00000001 ra=800005bc count=00000000
# TRACE t=625000 pc=80000798 ifid_pc=80000794 idex_pc=80000790 ifid_i=00008067 idex_v=1 exmem_v=1 mwb_v=0 stall=0 flush=0 br=0 j=00 rs1=5=80100004 rs2=6=00000001 a=80100004 b=00000000 alu=80100004 ra=800005bc count=00000000
# TRACE t=635000 pc=8000079c ifid_pc=80000798 idex_pc=80000794 ifid_i=aaaab2b7 idex_v=1 exmem_v=1 mwb_v=1 stall=0 flush=1 br=0 j=10 rs1=1=800005bc rs2=0=00000000 a=800005bc b=00000000 alu=800005bc ra=800005bc count=00000000
# TRACE t=645000 pc=800005bc ifid_pc=00000000 idex_pc=00000000 ifid_i=00000000 idex_v=0 exmem_v=1 mwb_v=1 stall=0 flush=0 br=0 j=00 rs1=0=00000000 rs2=0=00000000 a=00000000 b=00000000 alu=00000000 ra=800005bc count=00000000
# TRACE t=655000 pc=800005c0 ifid_pc=800005bc idex_pc=00000000 ifid_i=34c000ef idex_v=0 exmem_v=0 mwb_v=1 stall=0 flush=0 br=0 j=00 rs1=0=00000000 rs2=0=00000000 a=00000000 b=00000000 alu=00000000 ra=800005bc count=00000000
# TRACE t=665000 pc=800005c4 ifid_pc=800005c0 idex_pc=800005bc ifid_i=468000ef idex_v=1 exmem_v=0 mwb_v=0 stall=0 flush=1 br=0 j=01 rs1=0=00000000 rs2=12=00000000 a=00000000 b=00000000 alu=00000000 ra=800005bc count=00000000
# TRACE t=675000 pc=80000908 ifid_pc=00000000 idex_pc=00000000 ifid_i=00000000 idex_v=0 exmem_v=1 mwb_v=0 stall=0 flush=0 br=0 j=00 rs1=0=00000000 rs2=0=00000000 a=00000000 b=00000000 alu=00000000 ra=800005bc count=00000000
# TRACE t=685000 pc=8000090c ifid_pc=80000908 idex_pc=00000000 ifid_i=fff00293 idex_v=0 exmem_v=0 mwb_v=1 stall=0 flush=0 br=0 j=00 rs1=0=00000000 rs2=0=00000000 a=00000000 b=00000000 alu=00000000 ra=800005bc count=00000000
# TRACE t=695000 pc=80000910 ifid_pc=8000090c idex_pc=80000908 ifid_i=00000313 idex_v=1 exmem_v=0 mwb_v=0 stall=0 flush=0 br=0 j=00 rs1=0=00000000 rs2=31=00000000 a=00000000 b=ffffffff alu=ffffffff ra=800005c0 count=00000000
# TRACE t=705000 pc=80000914 ifid_pc=80000910 idex_pc=8000090c ifid_i=0062a3b3 idex_v=1 exmem_v=1 mwb_v=0 stall=0 flush=0 br=0 j=00 rs1=0=00000000 rs2=0=00000000 a=00000000 b=00000000 alu=00000000 ra=800005c0 count=00000000
# TRACE t=715000 pc=80000918 ifid_pc=80000914 idex_pc=80000910 ifid_i=00100e13 idex_v=1 exmem_v=1 mwb_v=1 stall=0 flush=0 br=0 j=00 rs1=5=ffffffff rs2=6=00000000 a=ffffffff b=00000000 alu=00000001 ra=800005c0 count=00000000
# TRACE t=725000 pc=8000091c ifid_pc=80000918 idex_pc=80000914 ifid_i=05c39063 idex_v=1 exmem_v=1 mwb_v=1 stall=0 flush=0 br=0 j=00 rs1=0=00000000 rs2=1=800005c0 a=00000000 b=00000001 alu=00000001 ra=800005c0 count=00000000
# TRACE t=735000 pc=80000920 ifid_pc=8000091c idex_pc=80000918 ifid_i=07b00293 idex_v=1 exmem_v=1 mwb_v=1 stall=0 flush=0 br=1 j=00 rs1=7=00000001 rs2=28=00000001 a=00000001 b=00000001 alu=00000000 ra=800005c0 count=00000000
# TRACE t=745000 pc=80000924 ifid_pc=80000920 idex_pc=8000091c ifid_i=07b00313 idex_v=1 exmem_v=1 mwb_v=1 stall=0 flush=0 br=0 j=00 rs1=0=00000000 rs2=27=00000000 a=00000000 b=0000007b alu=0000007b ra=800005c0 count=00000000
# TRACE t=755000 pc=80000928 ifid_pc=80000924 idex_pc=80000920 ifid_i=0062a3b3 idex_v=1 exmem_v=1 mwb_v=1 stall=0 flush=0 br=0 j=00 rs1=0=00000000 rs2=27=00000000 a=00000000 b=0000007b alu=0000007b ra=800005c0 count=00000000
# TRACE t=765000 pc=8000092c ifid_pc=80000928 idex_pc=80000924 ifid_i=02039863 idex_v=1 exmem_v=1 mwb_v=1 stall=0 flush=0 br=0 j=00 rs1=5=0000007b rs2=6=0000007b a=0000007b b=0000007b alu=00000000 ra=800005c0 count=00000000
# TRACE t=775000 pc=80000930 ifid_pc=8000092c idex_pc=80000928 ifid_i=800002b7 idex_v=1 exmem_v=1 mwb_v=1 stall=0 flush=0 br=1 j=00 rs1=7=00000000 rs2=0=00000000 a=00000000 b=00000000 alu=00000000 ra=800005c0 count=00000000
# TRACE t=785000 pc=80000934 ifid_pc=80000930 idex_pc=8000092c ifid_i=fff28293 idex_v=1 exmem_v=1 mwb_v=1 stall=0 flush=0 br=0 j=00 rs1=0=00000000 rs2=0=00000000 a=00000000 b=80000000 alu=80000000 ra=800005c0 count=00000000
# TRACE t=795000 pc=80000938 ifid_pc=80000934 idex_pc=80000930 ifid_i=fff00313 idex_v=1 exmem_v=1 mwb_v=1 stall=0 flush=0 br=0 j=00 rs1=5=80000000 rs2=31=00000000 a=80000000 b=ffffffff alu=7fffffff ra=800005c0 count=00000000
# TRACE t=805000 pc=8000093c ifid_pc=80000938 idex_pc=80000934 ifid_i=0062a3b3 idex_v=1 exmem_v=1 mwb_v=1 stall=0 flush=0 br=0 j=00 rs1=0=00000000 rs2=31=00000000 a=00000000 b=ffffffff alu=ffffffff ra=800005c0 count=00000000
# TRACE t=815000 pc=80000940 ifid_pc=8000093c idex_pc=80000938 ifid_i=00039e63 idex_v=1 exmem_v=1 mwb_v=1 stall=0 flush=0 br=0 j=00 rs1=5=7fffffff rs2=6=ffffffff a=7fffffff b=ffffffff alu=00000000 ra=800005c0 count=00000000
# TRACE t=825000 pc=80000944 ifid_pc=80000940 idex_pc=8000093c ifid_i=000ff297 idex_v=1 exmem_v=1 mwb_v=1 stall=0 flush=0 br=1 j=00 rs1=7=00000000 rs2=0=00000000 a=00000000 b=00000000 alu=00000000 ra=800005c0 count=00000000
# TRACE t=835000 pc=80000948 ifid_pc=80000944 idex_pc=80000940 ifid_i=6c028293 idex_v=1 exmem_v=1 mwb_v=1 stall=0 flush=0 br=0 j=00 rs1=31=00000000 rs2=0=00000000 a=80000940 b=000ff000 alu=800ff940 ra=800005c0 count=00000000
# TRACE t=845000 pc=8000094c ifid_pc=80000948 idex_pc=80000944 ifid_i=0002a303 idex_v=1 exmem_v=1 mwb_v=1 stall=0 flush=0 br=0 j=00 rs1=5=800ff940 rs2=0=00000000 a=800ff940 b=000006c0 alu=80100000 ra=800005c0 count=00000000
# TRACE t=855000 pc=80000950 ifid_pc=8000094c idex_pc=80000948 ifid_i=00130313 idex_v=1 exmem_v=1 mwb_v=1 stall=1 flush=0 br=0 j=00 rs1=5=80100000 rs2=0=00000000 a=80100000 b=00000000 alu=80100000 ra=800005c0 count=00000000
# TRACE t=865000 pc=80000950 ifid_pc=8000094c idex_pc=00000000 ifid_i=00130313 idex_v=0 exmem_v=1 mwb_v=1 stall=0 flush=0 br=0 j=00 rs1=0=00000000 rs2=0=00000000 a=00000000 b=00000000 alu=00000000 ra=800005c0 count=00000000
# TRACE t=875000 pc=80000954 ifid_pc=80000950 idex_pc=8000094c ifid_i=0062a023 idex_v=1 exmem_v=0 mwb_v=1 stall=0 flush=0 br=0 j=00 rs1=6=00000000 rs2=1=800005c0 a=00000000 b=00000001 alu=00000001 ra=800005c0 count=00000000
# TRACE t=885000 pc=80000958 ifid_pc=80000954 idex_pc=80000950 ifid_i=00008067 idex_v=1 exmem_v=1 mwb_v=0 stall=0 flush=0 br=0 j=00 rs1=5=80100000 rs2=6=00000001 a=80100000 b=00000000 alu=80100000 ra=800005c0 count=00000000
# TRACE t=895000 pc=8000095c ifid_pc=80000958 idex_pc=80000954 ifid_i=000ff297 idex_v=1 exmem_v=1 mwb_v=1 stall=0 flush=1 br=0 j=10 rs1=1=800005c0 rs2=0=00000000 a=800005c0 b=00000000 alu=800005c0 ra=800005c0 count=00000000
# COUNT t=895000 data=00000001
# TRACE t=905000 pc=800005c0 ifid_pc=00000000 idex_pc=00000000 ifid_i=00000000 idex_v=0 exmem_v=1 mwb_v=1 stall=0 flush=0 br=0 j=00 rs1=0=00000000 rs2=0=00000000 a=00000000 b=00000000 alu=00000000 ra=800005c0 count=00000000
# TRACE t=915000 pc=800005c4 ifid_pc=800005c0 idex_pc=00000000 ifid_i=468000ef idex_v=0 exmem_v=0 mwb_v=1 stall=0 flush=0 br=0 j=00 rs1=0=00000000 rs2=0=00000000 a=00000000 b=00000000 alu=00000000 ra=800005c0 count=00000000
# TRACE t=925000 pc=800005c8 ifid_pc=800005c4 idex_pc=800005c0 ifid_i=294000ef idex_v=1 exmem_v=0 mwb_v=0 stall=0 flush=1 br=0 j=01 rs1=0=00000000 rs2=8=00000000 a=00000000 b=00000000 alu=00000000 ra=800005c0 count=00000000
# TRACE t=935000 pc=80000a28 ifid_pc=00000000 idex_pc=00000000 ifid_i=00000000 idex_v=0 exmem_v=1 mwb_v=0 stall=0 flush=0 br=0 j=00 rs1=0=00000000 rs2=0=00000000 a=00000000 b=00000000 alu=00000000 ra=800005c0 count=00000000
# TRACE t=945000 pc=80000a2c ifid_pc=80000a28 idex_pc=00000000 ifid_i=fff00293 idex_v=0 exmem_v=0 mwb_v=1 stall=0 flush=0 br=0 j=00 rs1=0=00000000 rs2=0=00000000 a=00000000 b=00000000 alu=00000000 ra=800005c0 count=00000000
# TRACE t=955000 pc=80000a30 ifid_pc=80000a2c idex_pc=80000a28 ifid_i=00000313 idex_v=1 exmem_v=0 mwb_v=0 stall=0 flush=0 br=0 j=00 rs1=0=00000000 rs2=31=00000000 a=00000000 b=ffffffff alu=ffffffff ra=800005c4 count=00000000
# TRACE t=965000 pc=80000a34 ifid_pc=80000a30 idex_pc=80000a2c ifid_i=0062b3b3 idex_v=1 exmem_v=1 mwb_v=0 stall=0 flush=0 br=0 j=00 rs1=0=00000000 rs2=0=00000000 a=00000000 b=00000000 alu=00000000 ra=800005c4 count=00000000
# TRACE t=975000 pc=80000a38 ifid_pc=80000a34 idex_pc=80000a30 ifid_i=02039863 idex_v=1 exmem_v=1 mwb_v=1 stall=0 flush=0 br=0 j=00 rs1=5=ffffffff rs2=6=00000000 a=ffffffff b=00000000 alu=00000000 ra=800005c4 count=00000000
# TRACE t=985000 pc=80000a3c ifid_pc=80000a38 idex_pc=80000a34 ifid_i=00000293 idex_v=1 exmem_v=1 mwb_v=1 stall=0 flush=0 br=1 j=00 rs1=7=00000000 rs2=0=00000000 a=00000000 b=00000000 alu=00000000 ra=800005c4 count=00000000
# TRACE t=995000 pc=80000a40 ifid_pc=80000a3c idex_pc=80000a38 ifid_i=00100313 idex_v=1 exmem_v=1 mwb_v=1 stall=0 flush=0 br=0 j=00 rs1=0=00000000 rs2=0=00000000 a=00000000 b=00000000 alu=00000000 ra=800005c4 count=00000000
# TRACE t=1005000 pc=80000a44 ifid_pc=80000a40 idex_pc=80000a3c ifid_i=0062b3b3 idex_v=1 exmem_v=1 mwb_v=1 stall=0 flush=0 br=0 j=00 rs1=0=00000000 rs2=1=800005c4 a=00000000 b=00000001 alu=00000001 ra=800005c4 count=00000000
# TRACE t=1015000 pc=80000a48 ifid_pc=80000a44 idex_pc=80000a40 ifid_i=00100e13 idex_v=1 exmem_v=1 mwb_v=1 stall=0 flush=0 br=0 j=00 rs1=5=00000000 rs2=6=00000001 a=00000000 b=00000001 alu=00000001 ra=800005c4 count=00000000
# TRACE t=1025000 pc=80000a4c ifid_pc=80000a48 idex_pc=80000a44 ifid_i=01c39e63 idex_v=1 exmem_v=1 mwb_v=1 stall=0 flush=0 br=0 j=00 rs1=0=00000000 rs2=1=800005c4 a=00000000 b=00000001 alu=00000001 ra=800005c4 count=00000000
# TRACE t=1035000 pc=80000a50 ifid_pc=80000a4c idex_pc=80000a48 ifid_i=000ff297 idex_v=1 exmem_v=1 mwb_v=1 stall=0 flush=0 br=1 j=00 rs1=7=00000001 rs2=28=00000001 a=00000001 b=00000001 alu=00000000 ra=800005c4 count=00000000
# TRACE t=1045000 pc=80000a54 ifid_pc=80000a50 idex_pc=80000a4c ifid_i=5b428293 idex_v=1 exmem_v=1 mwb_v=1 stall=0 flush=0 br=0 j=00 rs1=31=00000000 rs2=0=00000000 a=80000a4c b=000ff000 alu=800ffa4c ra=800005c4 count=00000000
# TRACE t=1055000 pc=80000a58 ifid_pc=80000a54 idex_pc=80000a50 ifid_i=0002a303 idex_v=1 exmem_v=1 mwb_v=1 stall=0 flush=0 br=0 j=00 rs1=5=800ffa4c rs2=20=00000000 a=800ffa4c b=000005b4 alu=80100000 ra=800005c4 count=00000000
# TRACE t=1065000 pc=80000a5c ifid_pc=80000a58 idex_pc=80000a54 ifid_i=00130313 idex_v=1 exmem_v=1 mwb_v=1 stall=1 flush=0 br=0 j=00 rs1=5=80100000 rs2=0=00000000 a=80100000 b=00000000 alu=80100000 ra=800005c4 count=00000000
# TRACE t=1075000 pc=80000a5c ifid_pc=80000a58 idex_pc=00000000 ifid_i=00130313 idex_v=0 exmem_v=1 mwb_v=1 stall=0 flush=0 br=0 j=00 rs1=0=00000000 rs2=0=00000000 a=00000000 b=00000000 alu=00000000 ra=800005c4 count=00000000
# TRACE t=1085000 pc=80000a60 ifid_pc=80000a5c idex_pc=80000a58 ifid_i=0062a023 idex_v=1 exmem_v=0 mwb_v=1 stall=0 flush=0 br=0 j=00 rs1=6=00000000 rs2=1=800005c4 a=00000000 b=00000001 alu=00000001 ra=800005c4 count=00000000
# TRACE t=1095000 pc=80000a64 ifid_pc=80000a60 idex_pc=80000a5c ifid_i=00008067 idex_v=1 exmem_v=1 mwb_v=0 stall=0 flush=0 br=0 j=00 rs1=5=80100000 rs2=6=00000001 a=80100000 b=00000000 alu=80100000 ra=800005c4 count=00000000
# TRACE t=1105000 pc=80000a68 ifid_pc=80000a64 idex_pc=80000a60 ifid_i=000ff297 idex_v=1 exmem_v=1 mwb_v=1 stall=0 flush=1 br=0 j=10 rs1=1=800005c4 rs2=0=00000000 a=800005c4 b=00000000 alu=800005c4 ra=800005c4 count=00000000
# COUNT t=1105000 data=00000001
# TRACE t=1115000 pc=800005c4 ifid_pc=00000000 idex_pc=00000000 ifid_i=00000000 idex_v=0 exmem_v=1 mwb_v=1 stall=0 flush=0 br=0 j=00 rs1=0=00000000 rs2=0=00000000 a=00000000 b=00000000 alu=00000000 ra=800005c4 count=00000000
# TRACE t=1125000 pc=800005c8 ifid_pc=800005c4 idex_pc=00000000 ifid_i=294000ef idex_v=0 exmem_v=0 mwb_v=1 stall=0 flush=0 br=0 j=00 rs1=0=00000000 rs2=0=00000000 a=00000000 b=00000000 alu=00000000 ra=800005c4 count=00000000
# TRACE t=1135000 pc=800005cc ifid_pc=800005c8 idex_pc=800005c4 ifid_i=1d0000ef idex_v=1 exmem_v=0 mwb_v=0 stall=0 flush=1 br=0 j=01 rs1=0=00000000 rs2=20=00000000 a=00000000 b=00000000 alu=00000000 ra=800005c4 count=00000000
# TRACE t=1145000 pc=80000858 ifid_pc=00000000 idex_pc=00000000 ifid_i=00000000 idex_v=0 exmem_v=1 mwb_v=0 stall=0 flush=0 br=0 j=00 rs1=0=00000000 rs2=0=00000000 a=00000000 b=00000000 alu=00000000 ra=800005c4 count=00000000
# TRACE t=1155000 pc=8000085c ifid_pc=80000858 idex_pc=00000000 ifid_i=aaaab2b7 idex_v=0 exmem_v=0 mwb_v=1 stall=0 flush=0 br=0 j=00 rs1=0=00000000 rs2=0=00000000 a=00000000 b=00000000 alu=00000000 ra=800005c4 count=00000000
# TRACE t=1165000 pc=80000860 ifid_pc=8000085c idex_pc=80000858 ifid_i=aaa28293 idex_v=1 exmem_v=0 mwb_v=0 stall=0 flush=0 br=0 j=00 rs1=21=00000000 rs2=10=00000000 a=00000000 b=aaaab000 alu=aaaab000 ra=800005c8 count=00000000
# TRACE t=1175000 pc=80000864 ifid_pc=80000860 idex_pc=8000085c ifid_i=55555337 idex_v=1 exmem_v=1 mwb_v=0 stall=0 flush=0 br=0 j=00 rs1=5=aaaab000 rs2=10=00000000 a=aaaab000 b=fffffaaa alu=aaaaaaaa ra=800005c8 count=00000000
# TRACE t=1185000 pc=80000868 ifid_pc=80000864 idex_pc=80000860 ifid_i=55530313 idex_v=1 exmem_v=1 mwb_v=1 stall=0 flush=0 br=0 j=00 rs1=10=00000000 rs2=21=00000000 a=00000000 b=55555000 alu=55555000 ra=800005c8 count=00000000
# TRACE t=1195000 pc=8000086c ifid_pc=80000868 idex_pc=80000864 ifid_i=0062e3b3 idex_v=1 exmem_v=1 mwb_v=1 stall=0 flush=0 br=0 j=00 rs1=6=55555000 rs2=21=00000000 a=55555000 b=00000555 alu=55555555 ra=800005c8 count=00000000
# TRACE t=1205000 pc=80000870 ifid_pc=8000086c idex_pc=80000868 ifid_i=fff00e13 idex_v=1 exmem_v=1 mwb_v=1 stall=0 flush=0 br=0 j=00 rs1=5=aaaab000 rs2=6=55555555 a=aaaab000 b=55555555 alu=fffff555 ra=800005c8 count=00000000
# TRACE t=1215000 pc=80000874 ifid_pc=80000870 idex_pc=8000086c ifid_i=03c39663 idex_v=1 exmem_v=1 mwb_v=1 stall=0 flush=0 br=0 j=00 rs1=0=00000000 rs2=31=00000000 a=00000000 b=ffffffff alu=ffffffff ra=800005c8 count=00000000
# TRACE t=1225000 pc=80000878 ifid_pc=80000874 idex_pc=80000870 ifid_i=00000293 idex_v=1 exmem_v=1 mwb_v=1 stall=0 flush=1 br=1 j=00 rs1=7=fffff555 rs2=28=ffffffff a=fffff555 b=ffffffff alu=fffff556 ra=800005c8 count=00000000
# TRACE t=1235000 pc=8000089c ifid_pc=00000000 idex_pc=00000000 ifid_i=00000000 idex_v=0 exmem_v=1 mwb_v=1 stall=0 flush=0 br=0 j=00 rs1=0=00000000 rs2=0=00000000 a=00000000 b=00000000 alu=00000000 ra=800005c8 count=00000000
# TRACE t=1245000 pc=800008a0 ifid_pc=8000089c idex_pc=00000000 ifid_i=000ff297 idex_v=0 exmem_v=0 mwb_v=1 stall=0 flush=0 br=0 j=00 rs1=0=00000000 rs2=0=00000000 a=00000000 b=00000000 alu=00000000 ra=800005c8 count=00000000
# TRACE t=1255000 pc=800008a4 ifid_pc=800008a0 idex_pc=8000089c ifid_i=76828293 idex_v=1 exmem_v=0 mwb_v=0 stall=0 flush=0 br=0 j=00 rs1=31=00000000 rs2=0=00000000 a=8000089c b=000ff000 alu=800ff89c ra=800005c8 count=00000000
# TRACE t=1265000 pc=800008a8 ifid_pc=800008a4 idex_pc=800008a0 ifid_i=0002a303 idex_v=1 exmem_v=1 mwb_v=0 stall=0 flush=0 br=0 j=00 rs1=5=800ff89c rs2=8=00000000 a=800ff89c b=00000768 alu=80100004 ra=800005c8 count=00000000
# TRACE t=1275000 pc=800008ac ifid_pc=800008a8 idex_pc=800008a4 ifid_i=00130313 idex_v=1 exmem_v=1 mwb_v=1 stall=1 flush=0 br=0 j=00 rs1=5=80100004 rs2=0=00000000 a=80100004 b=00000000 alu=80100004 ra=800005c8 count=00000000
# TRACE t=1285000 pc=800008ac ifid_pc=800008a8 idex_pc=00000000 ifid_i=00130313 idex_v=0 exmem_v=1 mwb_v=1 stall=0 flush=0 br=0 j=00 rs1=0=00000000 rs2=0=00000000 a=00000000 b=00000000 alu=00000000 ra=800005c8 count=00000000
# TRACE t=1295000 pc=800008b0 ifid_pc=800008ac idex_pc=800008a8 ifid_i=0062a023 idex_v=1 exmem_v=0 mwb_v=1 stall=0 flush=0 br=0 j=00 rs1=6=00000000 rs2=1=800005c8 a=00000000 b=00000001 alu=00000001 ra=800005c8 count=00000000
# TRACE t=1305000 pc=800008b4 ifid_pc=800008b0 idex_pc=800008ac ifid_i=00008067 idex_v=1 exmem_v=1 mwb_v=0 stall=0 flush=0 br=0 j=00 rs1=5=80100004 rs2=6=00000001 a=80100004 b=00000000 alu=80100004 ra=800005c8 count=00000000
# TRACE t=1315000 pc=800008b8 ifid_pc=800008b4 idex_pc=800008b0 ifid_i=00000293 idex_v=1 exmem_v=1 mwb_v=1 stall=0 flush=1 br=0 j=10 rs1=1=800005c8 rs2=0=00000000 a=800005c8 b=00000000 alu=800005c8 ra=800005c8 count=00000000
# TRACE t=1325000 pc=800005c8 ifid_pc=00000000 idex_pc=00000000 ifid_i=00000000 idex_v=0 exmem_v=1 mwb_v=1 stall=0 flush=0 br=0 j=00 rs1=0=00000000 rs2=0=00000000 a=00000000 b=00000000 alu=00000000 ra=800005c8 count=00000000
# TRACE t=1335000 pc=800005cc ifid_pc=800005c8 idex_pc=00000000 ifid_i=1d0000ef idex_v=0 exmem_v=0 mwb_v=1 stall=0 flush=0 br=0 j=00 rs1=0=00000000 rs2=0=00000000 a=00000000 b=00000000 alu=00000000 ra=800005c8 count=00000000
# TRACE t=1345000 pc=800005d0 ifid_pc=800005cc idex_pc=800005c8 ifid_i=4b0000ef idex_v=1 exmem_v=0 mwb_v=0 stall=0 flush=1 br=0 j=01 rs1=0=00000000 rs2=16=00000000 a=00000000 b=00000000 alu=00000000 ra=800005c8 count=00000000
# TRACE t=1355000 pc=80000798 ifid_pc=00000000 idex_pc=00000000 ifid_i=00000000 idex_v=0 exmem_v=1 mwb_v=0 stall=0 flush=0 br=0 j=00 rs1=0=00000000 rs2=0=00000000 a=00000000 b=00000000 alu=00000000 ra=800005c8 count=00000000
# TRACE t=1365000 pc=8000079c ifid_pc=80000798 idex_pc=00000000 ifid_i=aaaab2b7 idex_v=0 exmem_v=0 mwb_v=1 stall=0 flush=0 br=0 j=00 rs1=0=00000000 rs2=0=00000000 a=00000000 b=00000000 alu=00000000 ra=800005c8 count=00000000
# TRACE t=1375000 pc=800007a0 ifid_pc=8000079c idex_pc=80000798 ifid_i=aaa28293 idex_v=1 exmem_v=0 mwb_v=0 stall=0 flush=0 br=0 j=00 rs1=21=00000000 rs2=10=00000000 a=00000000 b=aaaab000 alu=aaaab000 ra=800005cc count=00000000
# TRACE t=1385000 pc=800007a4 ifid_pc=800007a0 idex_pc=8000079c ifid_i=55555337 idex_v=1 exmem_v=1 mwb_v=0 stall=0 flush=0 br=0 j=00 rs1=5=aaaab000 rs2=10=00000000 a=aaaab000 b=fffffaaa alu=aaaaaaaa ra=800005cc count=00000000
# TRACE t=1395000 pc=800007a8 ifid_pc=800007a4 idex_pc=800007a0 ifid_i=55530313 idex_v=1 exmem_v=1 mwb_v=1 stall=0 flush=0 br=0 j=00 rs1=10=00000000 rs2=21=00000000 a=00000000 b=55555000 alu=55555000 ra=800005cc count=00000000
# TRACE t=1405000 pc=800007ac ifid_pc=800007a8 idex_pc=800007a4 ifid_i=0062f3b3 idex_v=1 exmem_v=1 mwb_v=1 stall=0 flush=0 br=0 j=00 rs1=6=55555000 rs2=21=00000000 a=55555000 b=00000555 alu=55555555 ra=800005cc count=00000000
# TRACE t=1415000 pc=800007b0 ifid_pc=800007ac idex_pc=800007a8 ifid_i=04039063 idex_v=1 exmem_v=1 mwb_v=1 stall=0 flush=0 br=0 j=00 rs1=5=aaaab000 rs2=6=55555555 a=aaaab000 b=55555555 alu=00001000 ra=800005cc count=00000000
# TRACE t=1425000 pc=800007b4 ifid_pc=800007b0 idex_pc=800007ac ifid_i=fff00293 idex_v=1 exmem_v=1 mwb_v=1 stall=0 flush=1 br=1 j=00 rs1=7=00001000 rs2=0=00000000 a=00001000 b=00000000 alu=00001000 ra=800005cc count=00000000
# TRACE t=1435000 pc=800007ec ifid_pc=00000000 idex_pc=00000000 ifid_i=00000000 idex_v=0 exmem_v=1 mwb_v=1 stall=0 flush=0 br=0 j=00 rs1=0=00000000 rs2=0=00000000 a=00000000 b=00000000 alu=00000000 ra=800005cc count=00000000
# TRACE t=1445000 pc=800007f0 ifid_pc=800007ec idex_pc=00000000 ifid_i=00100297 idex_v=0 exmem_v=0 mwb_v=1 stall=0 flush=0 br=0 j=00 rs1=0=00000000 rs2=0=00000000 a=00000000 b=00000000 alu=00000000 ra=800005cc count=00000000
# TRACE t=1455000 pc=800007f4 ifid_pc=800007f0 idex_pc=800007ec ifid_i=81828293 idex_v=1 exmem_v=0 mwb_v=0 stall=0 flush=0 br=0 j=00 rs1=0=00000000 rs2=1=800005cc a=800007ec b=00100000 alu=801007ec ra=800005cc count=00000000
# TRACE t=1465000 pc=800007f8 ifid_pc=800007f4 idex_pc=800007f0 ifid_i=0002a303 idex_v=1 exmem_v=1 mwb_v=0 stall=0 flush=0 br=0 j=00 rs1=5=801007ec rs2=24=00000000 a=801007ec b=fffff818 alu=80100004 ra=800005cc count=00000000
# TRACE t=1475000 pc=800007fc ifid_pc=800007f8 idex_pc=800007f4 ifid_i=00130313 idex_v=1 exmem_v=1 mwb_v=1 stall=1 flush=0 br=0 j=00 rs1=5=80100004 rs2=0=00000000 a=80100004 b=00000000 alu=80100004 ra=800005cc count=00000000
# TRACE t=1485000 pc=800007fc ifid_pc=800007f8 idex_pc=00000000 ifid_i=00130313 idex_v=0 exmem_v=1 mwb_v=1 stall=0 flush=0 br=0 j=00 rs1=0=00000000 rs2=0=00000000 a=00000000 b=00000000 alu=00000000 ra=800005cc count=00000000
# TRACE t=1495000 pc=80000800 ifid_pc=800007fc idex_pc=800007f8 ifid_i=0062a023 idex_v=1 exmem_v=0 mwb_v=1 stall=0 flush=0 br=0 j=00 rs1=6=00000000 rs2=1=800005cc a=00000000 b=00000001 alu=00000001 ra=800005cc count=00000000
# TRACE t=1505000 pc=80000804 ifid_pc=80000800 idex_pc=800007fc ifid_i=00008067 idex_v=1 exmem_v=1 mwb_v=0 stall=0 flush=0 br=0 j=00 rs1=5=80100004 rs2=6=00000001 a=80100004 b=00000000 alu=80100004 ra=800005cc count=00000000
# TRACE t=1515000 pc=80000808 ifid_pc=80000804 idex_pc=80000800 ifid_i=fff00293 idex_v=1 exmem_v=1 mwb_v=1 stall=0 flush=1 br=0 j=10 rs1=1=800005cc rs2=0=00000000 a=800005cc b=00000000 alu=800005cc ra=800005cc count=00000000
# TRACE t=1525000 pc=800005cc ifid_pc=00000000 idex_pc=00000000 ifid_i=00000000 idex_v=0 exmem_v=1 mwb_v=1 stall=0 flush=0 br=0 j=00 rs1=0=00000000 rs2=0=00000000 a=00000000 b=00000000 alu=00000000 ra=800005cc count=00000000
# TRACE t=1535000 pc=800005d0 ifid_pc=800005cc idex_pc=00000000 ifid_i=4b0000ef idex_v=0 exmem_v=0 mwb_v=1 stall=0 flush=0 br=0 j=00 rs1=0=00000000 rs2=0=00000000 a=00000000 b=00000000 alu=00000000 ra=800005cc count=00000000
# TRACE t=1545000 pc=800005d4 ifid_pc=800005d0 idex_pc=800005cc ifid_i=55c000ef idex_v=1 exmem_v=0 mwb_v=0 stall=0 flush=1 br=0 j=01 rs1=0=00000000 rs2=16=00000000 a=00000000 b=00000000 alu=00000000 ra=800005cc count=00000000
# TRACE t=1555000 pc=80000a7c ifid_pc=00000000 idex_pc=00000000 ifid_i=00000000 idex_v=0 exmem_v=1 mwb_v=0 stall=0 flush=0 br=0 j=00 rs1=0=00000000 rs2=0=00000000 a=00000000 b=00000000 alu=00000000 ra=800005cc count=00000000
# TRACE t=1565000 pc=80000a80 ifid_pc=80000a7c idex_pc=00000000 ifid_i=ffff02b7 idex_v=0 exmem_v=0 mwb_v=1 stall=0 flush=0 br=0 j=00 rs1=0=00000000 rs2=0=00000000 a=00000000 b=00000000 alu=00000000 ra=800005cc count=00000000
# TRACE t=1575000 pc=80000a84 ifid_pc=80000a80 idex_pc=80000a7c ifid_i=00010337 idex_v=1 exmem_v=0 mwb_v=0 stall=0 flush=0 br=0 j=00 rs1=30=00000000 rs2=31=00000000 a=00000000 b=ffff0000 alu=ffff0000 ra=800005d0 count=00000000
# TRACE t=1585000 pc=80000a88 ifid_pc=80000a84 idex_pc=80000a80 ifid_i=fff30313 idex_v=1 exmem_v=1 mwb_v=0 stall=0 flush=0 br=0 j=00 rs1=2=80108030 rs2=0=00000000 a=00000000 b=00010000 alu=00010000 ra=800005d0 count=00000000
# TRACE t=1595000 pc=80000a8c ifid_pc=80000a88 idex_pc=80000a84 ifid_i=0062c3b3 idex_v=1 exmem_v=1 mwb_v=1 stall=0 flush=0 br=0 j=00 rs1=6=00010000 rs2=31=00000000 a=00010000 b=ffffffff alu=0000ffff ra=800005d0 count=00000000
# TRACE t=1605000 pc=80000a90 ifid_pc=80000a8c idex_pc=80000a88 ifid_i=fff00e13 idex_v=1 exmem_v=1 mwb_v=1 stall=0 flush=0 br=0 j=00 rs1=5=80100004 rs2=6=0000ffff a=80100004 b=0000ffff alu=8010fffb ra=800005d0 count=00000000
# TRACE t=1615000 pc=80000a94 ifid_pc=80000a90 idex_pc=80000a8c ifid_i=03c39663 idex_v=1 exmem_v=1 mwb_v=1 stall=0 flush=0 br=0 j=00 rs1=0=00000000 rs2=31=00000000 a=00000000 b=ffffffff alu=ffffffff ra=800005d0 count=00000000
# TRACE t=1625000 pc=80000a98 ifid_pc=80000a94 idex_pc=80000a90 ifid_i=aaaab2b7 idex_v=1 exmem_v=1 mwb_v=1 stall=0 flush=1 br=1 j=00 rs1=7=8010fffb rs2=28=ffffffff a=8010fffb b=ffffffff alu=8010fffc ra=800005d0 count=00000000
# TRACE t=1635000 pc=80000abc ifid_pc=00000000 idex_pc=00000000 ifid_i=00000000 idex_v=0 exmem_v=1 mwb_v=1 stall=0 flush=0 br=0 j=00 rs1=0=00000000 rs2=0=00000000 a=00000000 b=00000000 alu=00000000 ra=800005d0 count=00000000
# TRACE t=1645000 pc=80000ac0 ifid_pc=80000abc idex_pc=00000000 ifid_i=000ff297 idex_v=0 exmem_v=0 mwb_v=1 stall=0 flush=0 br=0 j=00 rs1=0=00000000 rs2=0=00000000 a=00000000 b=00000000 alu=00000000 ra=800005d0 count=00000000
# TRACE t=1655000 pc=80000ac4 ifid_pc=80000ac0 idex_pc=80000abc ifid_i=54828293 idex_v=1 exmem_v=0 mwb_v=0 stall=0 flush=0 br=0 j=00 rs1=31=00000000 rs2=0=00000000 a=80000abc b=000ff000 alu=800ffabc ra=800005d0 count=00000000
# TRACE t=1665000 pc=80000ac8 ifid_pc=80000ac4 idex_pc=80000ac0 ifid_i=0002a303 idex_v=1 exmem_v=1 mwb_v=0 stall=0 flush=0 br=0 j=00 rs1=5=800ffabc rs2=8=00000000 a=800ffabc b=00000548 alu=80100004 ra=800005d0 count=00000000
# TRACE t=1675000 pc=80000acc ifid_pc=80000ac8 idex_pc=80000ac4 ifid_i=00130313 idex_v=1 exmem_v=1 mwb_v=1 stall=1 flush=0 br=0 j=00 rs1=5=80100004 rs2=0=00000000 a=80100004 b=00000000 alu=80100004 ra=800005d0 count=00000000
# TRACE t=1685000 pc=80000acc ifid_pc=80000ac8 idex_pc=00000000 ifid_i=00130313 idex_v=0 exmem_v=1 mwb_v=1 stall=0 flush=0 br=0 j=00 rs1=0=00000000 rs2=0=00000000 a=00000000 b=00000000 alu=00000000 ra=800005d0 count=00000000
# TRACE t=1695000 pc=80000ad0 ifid_pc=80000acc idex_pc=80000ac8 ifid_i=0062a023 idex_v=1 exmem_v=0 mwb_v=1 stall=0 flush=0 br=0 j=00 rs1=6=00000000 rs2=1=800005d0 a=00000000 b=00000001 alu=00000001 ra=800005d0 count=00000000
# TRACE t=1705000 pc=80000ad4 ifid_pc=80000ad0 idex_pc=80000acc ifid_i=00008067 idex_v=1 exmem_v=1 mwb_v=0 stall=0 flush=0 br=0 j=00 rs1=5=80100004 rs2=6=00000001 a=80100004 b=00000000 alu=80100004 ra=800005d0 count=00000000
# TRACE t=1715000 pc=80000ad8 ifid_pc=80000ad4 idex_pc=80000ad0 ifid_i=0000b2b7 idex_v=1 exmem_v=1 mwb_v=1 stall=0 flush=1 br=0 j=10 rs1=1=800005d0 rs2=0=00000000 a=800005d0 b=00000000 alu=800005d0 ra=800005d0 count=00000000
# TRACE t=1725000 pc=800005d0 ifid_pc=00000000 idex_pc=00000000 ifid_i=00000000 idex_v=0 exmem_v=1 mwb_v=1 stall=0 flush=0 br=0 j=00 rs1=0=00000000 rs2=0=00000000 a=00000000 b=00000000 alu=00000000 ra=800005d0 count=00000000
# TRACE t=1735000 pc=800005d4 ifid_pc=800005d0 idex_pc=00000000 ifid_i=55c000ef idex_v=0 exmem_v=0 mwb_v=1 stall=0 flush=0 br=0 j=00 rs1=0=00000000 rs2=0=00000000 a=00000000 b=00000000 alu=00000000 ra=800005d0 count=00000000
# TRACE t=1745000 pc=800005d8 ifid_pc=800005d4 idex_pc=800005d0 ifid_i=600000ef idex_v=1 exmem_v=0 mwb_v=0 stall=0 flush=1 br=0 j=01 rs1=0=00000000 rs2=28=ffffffff a=00000000 b=ffffffff alu=ffffffff ra=800005d0 count=00000000
# TRACE t=1755000 pc=80000b2c ifid_pc=00000000 idex_pc=00000000 ifid_i=00000000 idex_v=0 exmem_v=1 mwb_v=0 stall=0 flush=0 br=0 j=00 rs1=0=00000000 rs2=0=00000000 a=00000000 b=00000000 alu=00000000 ra=800005d0 count=00000000
# TRACE t=1765000 pc=80000b30 ifid_pc=80000b2c idex_pc=00000000 ifid_i=00100293 idex_v=0 exmem_v=0 mwb_v=1 stall=0 flush=0 br=0 j=00 rs1=0=00000000 rs2=0=00000000 a=00000000 b=00000000 alu=00000000 ra=800005d0 count=00000000
# TRACE t=1775000 pc=80000b34 ifid_pc=80000b30 idex_pc=80000b2c ifid_i=00300313 idex_v=1 exmem_v=0 mwb_v=0 stall=0 flush=0 br=0 j=00 rs1=0=00000000 rs2=1=800005d0 a=00000000 b=00000001 alu=00000001 ra=800005d4 count=00000000
# TRACE t=1785000 pc=80000b38 ifid_pc=80000b34 idex_pc=80000b30 ifid_i=006293b3 idex_v=1 exmem_v=1 mwb_v=0 stall=0 flush=0 br=0 j=00 rs1=0=00000000 rs2=3=00000000 a=00000000 b=00000003 alu=00000003 ra=800005d4 count=00000000
# TRACE t=1795000 pc=80000b3c ifid_pc=80000b38 idex_pc=80000b34 ifid_i=00800e13 idex_v=1 exmem_v=1 mwb_v=1 stall=0 flush=0 br=0 j=00 rs1=5=00000001 rs2=6=00000003 a=00000001 b=00000003 alu=00000008 ra=800005d4 count=00000000
# TRACE t=1805000 pc=80000b40 ifid_pc=80000b3c idex_pc=80000b38 ifid_i=03c39863 idex_v=1 exmem_v=1 mwb_v=1 stall=0 flush=0 br=0 j=00 rs1=0=00000000 rs2=8=00000000 a=00000000 b=00000008 alu=00000008 ra=800005d4 count=00000000
# TRACE t=1815000 pc=80000b44 ifid_pc=80000b40 idex_pc=80000b3c ifid_i=00100293 idex_v=1 exmem_v=1 mwb_v=1 stall=0 flush=0 br=1 j=00 rs1=7=00000008 rs2=28=00000008 a=00000008 b=00000008 alu=00000000 ra=800005d4 count=00000000
# TRACE t=1825000 pc=80000b48 ifid_pc=80000b44 idex_pc=80000b40 ifid_i=01f00313 idex_v=1 exmem_v=1 mwb_v=1 stall=0 flush=0 br=0 j=00 rs1=0=00000000 rs2=1=800005d4 a=00000000 b=00000001 alu=00000001 ra=800005d4 count=00000000
# TRACE t=1835000 pc=80000b4c ifid_pc=80000b48 idex_pc=80000b44 ifid_i=006293b3 idex_v=1 exmem_v=1 mwb_v=1 stall=0 flush=0 br=0 j=00 rs1=0=00000000 rs2=31=00000000 a=00000000 b=0000001f alu=0000001f ra=800005d4 count=00000000
# ** Note: $finish    : D:/0_FPGA/change-onbroad/verify_reset/tb_pipeline_trace_all.sv(44)
#    Time: 1835 ns  Iteration: 1  Instance: /tb_pipeline_trace_all
# End time: 11:07:35 on Aug 29,2026, Elapsed time: 0:00:00
# Errors: 0, Warnings: 0
