Reading pref.tcl

# 2020.1

# vsim -c tb_cpu_top -do "run 300ns; examine -radix hex /tb_cpu_top/dut/pc; examine -radix hex /tb_cpu_top/dut/u_regfile/regs(1); examine -radix hex {/tb_cpu_top/dut/u_regfile/regs[1]}; examine -radix hex /tb_cpu_top/dut/u_dmem/dmem(1); describe /tb_cpu_top/dut/u_regfile/regs; quit" 
# Start time: 10:29:51 on Aug 13,2026
# Loading work.tb_cpu_top
# Loading work.cpu_top
# Loading work.pc
# Loading work.ALU
# Loading work.ctrl
# Loading work.control
# Loading work.alu_decoder
# Loading work.dmem
# Loading work.imem
# Loading work.regfile
# Loading work.immgen
# Loading work.branch_unit
# run 300ns
#  examine -radix hex /tb_cpu_top/dut/pc
# 8000006c
#  examine -radix hex /tb_cpu_top/dut/u_regfile/regs(1)
# fe5c6a78
#  examine -radix hex {/tb_cpu_top/dut/u_regfile/regs[1]}
# fe5c6a78
#  examine -radix hex /tb_cpu_top/dut/u_dmem/dmem(1)
# 11111111
#  describe /tb_cpu_top/dut/u_regfile/regs
# Array(31 downto 0) [length 32] of
#   Register [31:0]
# 
#  quit
# End time: 10:29:51 on Aug 13,2026, Elapsed time: 0:00:00
# Errors: 0, Warnings: 0
